Release 14.7 - xst P.20131013 (nt64)
Copyright (c) 1995-2013 Xilinx, Inc.  All rights reserved.
--> Parameter TMPDIR set to xst/projnav.tmp


Total REAL time to Xst completion: 0.00 secs
Total CPU time to Xst completion: 0.08 secs
 
--> Parameter xsthdpdir set to xst


Total REAL time to Xst completion: 0.00 secs
Total CPU time to Xst completion: 0.08 secs
 
--> Reading design: VHDL_MOORE_FSM_Sequence_Detector.prj

TABLE OF CONTENTS
  1) Synthesis Options Summary
  2) HDL Parsing
  3) HDL Elaboration
  4) HDL Synthesis
       4.1) HDL Synthesis Report
  5) Advanced HDL Synthesis
       5.1) Advanced HDL Synthesis Report
  6) Low Level Synthesis
  7) Partition Report
  8) Design Summary
       8.1) Primitive and Black Box Usage
       8.2) Device utilization summary
       8.3) Partition Resource Summary
       8.4) Timing Report
            8.4.1) Clock Information
            8.4.2) Asynchronous Control Signals Information
            8.4.3) Timing Summary
            8.4.4) Timing Details
            8.4.5) Cross Clock Domains Report


=========================================================================
*                      Synthesis Options Summary                        *
=========================================================================
---- Source Parameters
Input File Name                    : "VHDL_MOORE_FSM_Sequence_Detector.prj"
Ignore Synthesis Constraint File   : NO

---- Target Parameters
Output File Name                   : "VHDL_MOORE_FSM_Sequence_Detector"
Output Format                      : NGC
Target Device                      : xc7a100t-3-csg324

---- Source Options
Top Module Name                    : VHDL_MOORE_FSM_Sequence_Detector
Automatic FSM Extraction           : YES
FSM Encoding Algorithm             : Auto
Safe Implementation                : No
FSM Style                          : LUT
RAM Extraction                     : Yes
RAM Style                          : Auto
ROM Extraction                     : Yes
Shift Register Extraction          : YES
ROM Style                          : Auto
Resource Sharing                   : YES
Asynchronous To Synchronous        : NO
Shift Register Minimum Size        : 2
Use DSP Block                      : Auto
Automatic Register Balancing       : No

---- Target Options
LUT Combining                      : Auto
Reduce Control Sets                : Auto
Add IO Buffers                     : YES
Global Maximum Fanout              : 100000
Add Generic Clock Buffer(BUFG)     : 32
Register Duplication               : YES
Optimize Instantiated Primitives   : NO
Use Clock Enable                   : Auto
Use Synchronous Set                : Auto
Use Synchronous Reset              : Auto
Pack IO Registers into IOBs        : Auto
Equivalent register Removal        : YES

---- General Options
Optimization Goal                  : Speed
Optimization Effort                : 1
Power Reduction                    : NO
Keep Hierarchy                     : No
Netlist Hierarchy                  : As_Optimized
RTL Output                         : Yes
Global Optimization                : AllClockNets
Read Cores                         : YES
Write Timing Constraints           : NO
Cross Clock Analysis               : NO
Hierarchy Separator                : /
Bus Delimiter                      : <>
Case Specifier                     : Maintain
Slice Utilization Ratio            : 100
BRAM Utilization Ratio             : 100
DSP48 Utilization Ratio            : 100
Auto BRAM Packing                  : NO
Slice Utilization Ratio Delta      : 5

=========================================================================


=========================================================================
*                          HDL Parsing                                  *
=========================================================================
Parsing VHDL file "C:\Windows\System32\FSM_SEQUENCE_DETECTOR\moore_sequence_detector.vhd" into library work
Parsing entity <VHDL_MOORE_FSM_Sequence_Detector>.
Parsing architecture <Behavioral> of entity <vhdl_moore_fsm_sequence_detector>.

=========================================================================
*                            HDL Elaboration                            *
=========================================================================

Elaborating entity <VHDL_MOORE_FSM_Sequence_Detector> (architecture <Behavioral>) from library <work>.
WARNING:HDLCompiler:92 - "C:\Windows\System32\FSM_SEQUENCE_DETECTOR\moore_sequence_detector.vhd" Line 50: enable should be on the sensitivity list of the process
WARNING:HDLCompiler:92 - "C:\Windows\System32\FSM_SEQUENCE_DETECTOR\moore_sequence_detector.vhd" Line 99: newcount should be on the sensitivity list of the process
WARNING:HDLCompiler:92 - "C:\Windows\System32\FSM_SEQUENCE_DETECTOR\moore_sequence_detector.vhd" Line 100: newcount should be on the sensitivity list of the process
WARNING:HDLCompiler:92 - "C:\Windows\System32\FSM_SEQUENCE_DETECTOR\moore_sequence_detector.vhd" Line 101: newcount should be on the sensitivity list of the process
WARNING:HDLCompiler:92 - "C:\Windows\System32\FSM_SEQUENCE_DETECTOR\moore_sequence_detector.vhd" Line 111: newcount should be on the sensitivity list of the process
WARNING:HDLCompiler:92 - "C:\Windows\System32\FSM_SEQUENCE_DETECTOR\moore_sequence_detector.vhd" Line 112: newcount should be on the sensitivity list of the process
WARNING:HDLCompiler:92 - "C:\Windows\System32\FSM_SEQUENCE_DETECTOR\moore_sequence_detector.vhd" Line 113: newcount should be on the sensitivity list of the process
WARNING:HDLCompiler:92 - "C:\Windows\System32\FSM_SEQUENCE_DETECTOR\moore_sequence_detector.vhd" Line 121: newcount should be on the sensitivity list of the process
WARNING:HDLCompiler:92 - "C:\Windows\System32\FSM_SEQUENCE_DETECTOR\moore_sequence_detector.vhd" Line 122: newcount should be on the sensitivity list of the process
WARNING:HDLCompiler:92 - "C:\Windows\System32\FSM_SEQUENCE_DETECTOR\moore_sequence_detector.vhd" Line 124: newcount should be on the sensitivity list of the process
WARNING:HDLCompiler:92 - "C:\Windows\System32\FSM_SEQUENCE_DETECTOR\moore_sequence_detector.vhd" Line 131: newcount should be on the sensitivity list of the process
WARNING:HDLCompiler:92 - "C:\Windows\System32\FSM_SEQUENCE_DETECTOR\moore_sequence_detector.vhd" Line 132: newcount should be on the sensitivity list of the process
WARNING:HDLCompiler:92 - "C:\Windows\System32\FSM_SEQUENCE_DETECTOR\moore_sequence_detector.vhd" Line 134: newcount should be on the sensitivity list of the process
WARNING:HDLCompiler:92 - "C:\Windows\System32\FSM_SEQUENCE_DETECTOR\moore_sequence_detector.vhd" Line 141: newcount should be on the sensitivity list of the process
WARNING:HDLCompiler:92 - "C:\Windows\System32\FSM_SEQUENCE_DETECTOR\moore_sequence_detector.vhd" Line 143: newcount should be on the sensitivity list of the process
ERROR:HDLCompiler:1401 - "C:\Windows\System32\FSM_SEQUENCE_DETECTOR\moore_sequence_detector.vhd" Line 92: Signal newcount[3] in unit VHDL_MOORE_FSM_Sequence_Detector is connected to following multiple drivers:
Driver 0: output signal newcount[3] of instance Latch (_i000025).
Driver 1: output signal newcount[3] of instance Latch (newcount[3]).
Driver 0: output signal newcount[2] of instance Latch (_i000028).
Driver 1: output signal newcount[2] of instance Latch (newcount[2]).
Driver 0: output signal newcount[1] of instance Latch (_i000031).
Driver 1: output signal newcount[1] of instance Latch (newcount[1]).
Driver 0: output signal newcount[0] of instance Latch (_i000034).
Driver 1: output signal newcount[0] of instance Latch (newcount[0]).
--> 

Total memory usage is 4480684 kilobytes

Number of errors   :    1 (   0 filtered)
Number of warnings :   15 (   0 filtered)
Number of infos    :    0 (   0 filtered)

